../Core/Src/main.c:70:20:Process_I2S_Samples	32	static
../Core/Src/main.c:96:6:HAL_I2S_RxHalfCpltCallback	16	static
../Core/Src/main.c:100:6:HAL_I2S_RxCpltCallback	16	static
../Core/Src/main.c:109:5:main	152	static
../Core/Src/main.c:196:6:SystemClock_Config	88	static
../Core/Src/main.c:244:13:MX_I2S2_Init	8	static
../Core/Src/main.c:278:13:MX_USART2_UART_Init	8	static
../Core/Src/main.c:309:13:MX_DMA_Init	16	static
../Core/Src/main.c:327:13:MX_GPIO_Init	48	static
../Core/Src/main.c:369:6:Error_Handler	4	static,ignoring_inline_asm
